../Src/syscalls.c:74:6:ITM_SendChar	16	static
../Src/syscalls.c:104:6:initialise_monitor_handles	4	static
../Src/syscalls.c:108:5:_getpid	4	static
../Src/syscalls.c:113:5:_kill	16	static
../Src/syscalls.c:119:6:_exit	16	static
../Src/syscalls.c:125:27:_read	32	static
../Src/syscalls.c:137:27:_write	32	static
../Src/syscalls.c:149:5:_close	16	static
../Src/syscalls.c:155:5:_fstat	16	static
../Src/syscalls.c:161:5:_isatty	16	static
../Src/syscalls.c:166:5:_lseek	24	static
../Src/syscalls.c:171:5:_open	12	static
../Src/syscalls.c:177:5:_wait	16	static
../Src/syscalls.c:183:5:_unlink	16	static
../Src/syscalls.c:189:5:_times	16	static
../Src/syscalls.c:194:5:_stat	16	static
../Src/syscalls.c:200:5:_link	16	static
../Src/syscalls.c:206:5:_fork	8	static
../Src/syscalls.c:212:5:_execve	24	static
