../Src/main.c:43:6:schedule	16	static
../Src/main.c:49:6:task_delay	16	static,ignoring_inline_asm
../Src/main.c:73:6:idle_task	4	static
../Src/main.c:77:6:task1_handler	8	static
../Src/main.c:89:6:task2_handler	8	static
../Src/main.c:101:6:task3_handler	8	static
../Src/main.c:113:6:task4_handler	8	static
../Src/main.c:126:6:init_systick_timer	32	static
../Src/main.c:149:29:init_scheduler_stack	0	static,ignoring_inline_asm
../Src/main.c:157:6:init_tasks_stack	24	static
../Src/main.c:212:6:enable_processor_fault	16	static
../Src/main.c:219:6:HardFault_Handler	8	static
../Src/main.c:224:6:MemManage_Handler	8	static
../Src/main.c:229:6:BusFault_Handler	8	static
../Src/main.c:235:10:get_psp_value	4	static
../Src/main.c:239:6:save_psp_value	16	static
../Src/main.c:243:6:update_next_task	16	static
../Src/main.c:258:29:switch_sp_to_psp	0	static,ignoring_inline_asm
../Src/main.c:276:5:main	8	static
../Src/main.c:301:29:PendSV_Handler	0	static,ignoring_inline_asm
../Src/main.c:336:6:update_global_tick_count	4	static
../Src/main.c:340:6:unblock_tasks	16	static
../Src/main.c:353:6:SysTick_Handler	16	static
